ID             RESULT     DETAIL
------------------------------------------------------------------------
B1-invoke      SURVIVED   transport classifier short-circuited to constant FC  <-- BLIND SPOT
B2-flag        SURVIVED   --portgroup flag silently ignored  <-- BLIND SPOT
B3-colorder    SURVIVED   USED and AVAILABLE row values swapped  <-- BLIND SPOT
B4-colgone     SURVIVED   LACP column deleted from vswitches header  <-- BLIND SPOT
B5-sort        SURVIVED   VM sort order reversed  <-- BLIND SPOT
B6-units       SURVIVED   RAM off by 1024x  <-- BLIND SPOT
B7-tls         SURVIVED   TLS verification unconditionally skipped  <-- BLIND SPOT
B8-logout      SURVIVED   session Logout deleted (session leak)  <-- BLIND SPOT
------------------------------------------------------------------------
kill rate: 0/8 = 0%   (excluded: 0 no-site, 0 build-err)

surviving mutations (behaviour the suite cannot see):
  - B1-invoke: transport classifier short-circuited to constant FC
  - B2-flag: --portgroup flag silently ignored
  - B3-colorder: USED and AVAILABLE row values swapped
  - B4-colgone: LACP column deleted from vswitches header
  - B5-sort: VM sort order reversed
  - B6-units: RAM off by 1024x
  - B7-tls: TLS verification unconditionally skipped
  - B8-logout: session Logout deleted (session leak)
